# 关于磁盘分区

为什么要用`parted`而不是`fdisk`？它们有什么区别？好问题，我会告诉你这两者的区别。
* `parted`支持用户在大于`2TB`的硬盘上创建硬盘分区，但`fdisk`命令不支持
* 对比`fdisk`来说，`parted`是一个更高级的工具
* 支持更多的分区表类型，包括`GPT`（LCTT 译注：全局唯一标识分区表）
* 它允许用户调整分区大小， 但当缩减分区空间的时候，它没有如我意料的工作，多数情况下我会得到错误消息。所以我会建议用户不要用`parted`来缩减分区大小。

### 1.1 使用GPT分区
GPT(GUID)分区(推荐使用）
```
$ parted /dev/vdc
GNU Parted 2.1
使用 /dev/vdc
Welcome to GNU Parted! Type 'help' to view a list of commands.

# 设定使用的分区类型, 如果要用MBR分区，输入msdos即可。
(parted) mklabel gpt
警告: The existing disk label on /dev/vdc will be destroyed and all data on this disk will be lost. Do you want to continue?
是/Yes/否/No? yes

# 添加一个分区
(parted) mkpart
分区名称？  []? data
文件系统类型？  [ext2]? ext4
起始点？ 1    # 输入分区从第几Mb的位置开始，输入1，从第1Mb开始（最好不要从0开始）;
结束点？ 2TB  # 输入分区从第几Mb结束，比如我这里是从2TB结束；

# 此时已经分区成功，输入print查看目前分区情况
(parted) print
Model: Virtio Block Device (virtblk)
Disk /dev/vdc: 2147GB
Sector size (logical/physical): 512B/512B
Partition Table: gpt

Number  Start   End     Size    File system  Name  标志
 1      1049kB  2147GB  2147GB               data
```

同样上面的操作，我们也可以转化成一条命令行：
```
# 基本语法：parted [Disk Name] [mkpart] [Partition Type] [Filesystem Type] [Partition Start Size] [Partition End Size]
$ parted /dev/vdc1 mkpart primary ext4 1MB 2TB
```

如果要使用所有空间，可以使用如下命令：
```
# 基本语法：parted [Disk Name] [mkpart] [Partition Type] [Filesystem Type] [Partition Start Size] [Partition End Size]
$ parted /dev/sdb mkpart primary ext4 1MB 100%
```

### 1.2 格式化分区
```
$ mkfs.ext4 /dev/vdc1
mke2fs 1.41.12 (17-May-2010)
文件系统标签=
操作系统:Linux
块大小=4096 (log=2)
分块大小=4096 (log=2)
Stride=0 blocks, Stripe width=0 blocks
131072000 inodes, 524287488 blocks
26214374 blocks (5.00%) reserved for the super user
第一个数据块=0
Maximum filesystem blocks=4294967296
16000 block groups
32768 blocks per group, 32768 fragments per group
8192 inodes per group
Superblock backups stored on blocks:
	32768, 98304, 163840, 229376, 294912, 819200, 884736, 1605632, 2654208,
	4096000, 7962624, 11239424, 20480000, 23887872, 71663616, 78675968,
	102400000, 214990848, 512000000

正在写入inode表: 完成
Creating journal (32768 blocks): 完成
Writing superblocks and filesystem accounting information:
完成

This filesystem will be automatically checked every 23 mounts or
180 days, whichever comes first.  Use tune2fs -c or -i to override.
```

时间稍微过长，请耐心等待！

### 1.3 其他命令操作

列出所有分区
```
$ parted /dev/vdb1 print
```

检查硬盘剩余空间
```
$ parted /dev/vdb1 print free
```

调整现有分区大小
```
# 将要重新调整（增加）分区 1 的结束位置，从 2TB 到 3TB；
$ parted /dev/vdb1 resizepart 1 3TB
$ resize2fs /dev/vdb1
```

删除分区
```
# 删除/dev/vdb1分区
$ parted /dev/vdb rm 1
$ parted /dev/vdb print
```


